-	cmd-n	xenon::NewTerminal
-	cmd-shift-n	xenon::NewFile
-	cmd-alt-n	xenon::NewWorkspace
-	cmd-alt-shift-f	xenon::NewFolder
-	cmd-o	xenon::OpenFile
-	cmd-p	xenon::FilePalette
-	cmd-shift-o	xenon::AddWorkspace
-	cmd-shift-r	xenon::RunTask
-	cmd-shift-k	xenon::CaptureWorklist
-	cmd-alt-k	xenon::OpenWorklist
-	cmd-z	xenon::UndoToast
-	cmd-.	xenon::DismissToast
-	cmd-shift-p	xenon::CommandPalette
-	cmd-?	xenon::KeyboardHelp
-	cmd-shift-/	xenon::KeyboardHelp
-	cmd-1	xenon::FocusTerminal
-	cmd-2	xenon::FocusEditor
-	cmd-3	xenon::FocusBrowser
-	ctrl-`	xenon::FocusNextPane
-	cmd-alt-down	xenon::NextWorkspace
-	cmd-alt-up	xenon::PrevWorkspace
-	cmd-alt-w	xenon::CloseWorkspace
-	ctrl-tab	xenon::NextTab
-	ctrl-shift-tab	xenon::PrevTab
-	cmd-shift-]	xenon::NextTab
-	cmd-shift-[	xenon::PrevTab
-	cmd-[	xenon::GoBack
-	cmd-]	xenon::GoForward
-	cmd-w	xenon::CloseEditor
-	cmd-alt-shift-w	xenon::CloseOtherTabs
-	cmd-alt-shift-c	xenon::CopyPath
-	cmd-alt-shift-r	xenon::CopyRelativePath
-	cmd-alt-r	xenon::RevealInFinder
-	cmd-alt-o	xenon::OpenInDefaultApp
-	cmd-s	xenon::Save
-	cmd-shift-s	xenon::SaveAs
-	cmd-x	xenon_clipboard::Cut
-	cmd-c	xenon_clipboard::Copy
-	cmd-shift-c	xenon_clipboard::CopyClean
-	cmd-alt-c	xenon_clipboard::CopyCode
-	cmd-v	xenon_clipboard::Paste
-	cmd-b	xenon::ToggleSidebar
-	cmd-j	xenon::ToggleTerminal
-	cmd-shift-e	xenon::ToggleEditor
-	cmd-\	xenon::SplitRight
-	cmd-shift-\	xenon::SplitDown
-	cmd-alt-\	xenon::ReserveEmptyPaneRight
-	cmd-e	xenon::ToggleBrowser
-	cmd-,	xenon::ToggleSettings
-	cmd-alt-t	xenon::ToggleThemes
-	cmd-shift-v	xenon::TogglePreview
-	alt-z	xenon::ToggleSoftWrap
-	cmd-alt-m	xenon::ToggleMemory
-	cmd-shift-m	xenon::ConnectPhone
-	cmd-=	xenon::IncreaseFontSize
-	cmd-+	xenon::IncreaseFontSize
-	cmd--	xenon::DecreaseFontSize
-	cmd-0	xenon::ResetFontSize
-	cmd-q	xenon::Quit
Editor	f12	xenon::GoToDefinition
Editor	f8	xenon::NextDiagnostic
Editor	shift-f8	xenon::PreviousDiagnostic
Editor	cmd-a	xenon_clipboard::SelectAll
Editor	cmd-f	xenon_editor::Find
Editor	cmd-g	xenon_editor::FindNext
Editor	cmd-shift-g	xenon_editor::FindPrevious
EditorFind	cmd-f	xenon_editor::Find
EditorFind	cmd-g	xenon_editor::FindNext
EditorFind	cmd-shift-g	xenon_editor::FindPrevious
Terminal	cmd-f	xenon_terminal::Find
Terminal	cmd-g	xenon_terminal::FindNext
Terminal	cmd-shift-g	xenon_terminal::FindPrevious
TerminalFind	cmd-f	xenon_terminal::Find
TerminalFind	cmd-g	xenon_terminal::FindNext
TerminalFind	cmd-shift-g	xenon_terminal::FindPrevious
